.next/types/app/simulator/newArray/page.ts(2,24): error TS2307: Cannot find module '../../../../../src/app/simulator/array/newArray/page.jsx' or its corresponding type declarations.
.next/types/app/simulator/newArray/page.ts(5,29): error TS2307: Cannot find module '../../../../../src/app/simulator/array/newArray/page.jsx' or its corresponding type declarations.
.next/types/validator.ts(330,39): error TS1149: File name 'C:/Users/jangk/git/visualds/frontend/src/app/simulator/Array/[challengeId]/page.tsx' differs from already included file name 'C:/Users/jangk/git/visualds/frontend/src/app/simulator/array/[challengeId]/page.tsx' only in casing.
  The file is in the program because:
    Matched by include pattern '**/*.tsx' in 'C:/Users/jangk/git/visualds/frontend/tsconfig.json'
    Imported via "../../src/app/simulator/Array/[challengeId]/page.js" from file 'C:/Users/jangk/git/visualds/frontend/.next/types/validator.ts'
    Imported via "../../src/app/simulator/array/[challengeId]/page.js" from file 'C:/Users/jangk/git/visualds/frontend/.next/types/validator.ts'
    Imported via '../../../../../../src/app/simulator/array/[challengeId]/page.js' from file 'C:/Users/jangk/git/visualds/frontend/.next/types/app/simulator/array/[challengeId]/page.ts'
    Imported via '../../../../../../src/app/simulator/array/[challengeId]/page.js' from file 'C:/Users/jangk/git/visualds/frontend/.next/types/app/simulator/array/[challengeId]/page.ts'
